Archive member included to satisfy reference by file (symbol)

c:/st/stm32cubeide_1.8.0/stm32cubeide/plugins/com.st.stm32cube.ide.mcu.externaltools.gnu-tools-for-stm32.9-2020-q2-update.win32_2.0.0.202105311346/tools/bin/../lib/gcc/arm-none-eabi/9.3.1/../../../../arm-none-eabi/lib/thumb/v7e-m+fp/hard\libc_nano.a(lib_a-errno.o)
                              ./Src/syscalls.o (__errno)
c:/st/stm32cubeide_1.8.0/stm32cubeide/plugins/com.st.stm32cube.ide.mcu.externaltools.gnu-tools-for-stm32.9-2020-q2-update.win32_2.0.0.202105311346/tools/bin/../lib/gcc/arm-none-eabi/9.3.1/../../../../arm-none-eabi/lib/thumb/v7e-m+fp/hard\libc_nano.a(lib_a-exit.o)
                              c:/st/stm32cubeide_1.8.0/stm32cubeide/plugins/com.st.stm32cube.ide.mcu.externaltools.gnu-tools-for-stm32.9-2020-q2-update.win32_2.0.0.202105311346/tools/bin/../lib/gcc/arm-none-eabi/9.3.1/../../../../arm-none-eabi/lib/thumb/v7e-m+fp/hard/crt0.o (exit)
c:/st/stm32cubeide_1.8.0/stm32cubeide/plugins/com.st.stm32cube.ide.mcu.externaltools.gnu-tools-for-stm32.9-2020-q2-update.win32_2.0.0.202105311346/tools/bin/../lib/gcc/arm-none-eabi/9.3.1/../../../../arm-none-eabi/lib/thumb/v7e-m+fp/hard\libc_nano.a(lib_a-impure.o)
                              c:/st/stm32cubeide_1.8.0/stm32cubeide/plugins/com.st.stm32cube.ide.mcu.externaltools.gnu-tools-for-stm32.9-2020-q2-update.win32_2.0.0.202105311346/tools/bin/../lib/gcc/arm-none-eabi/9.3.1/../../../../arm-none-eabi/lib/thumb/v7e-m+fp/hard\libc_nano.a(lib_a-exit.o) (_global_impure_ptr)
c:/st/stm32cubeide_1.8.0/stm32cubeide/plugins/com.st.stm32cube.ide.mcu.externaltools.gnu-tools-for-stm32.9-2020-q2-update.win32_2.0.0.202105311346/tools/bin/../lib/gcc/arm-none-eabi/9.3.1/../../../../arm-none-eabi/lib/thumb/v7e-m+fp/hard\libc_nano.a(lib_a-init.o)
                              c:/st/stm32cubeide_1.8.0/stm32cubeide/plugins/com.st.stm32cube.ide.mcu.externaltools.gnu-tools-for-stm32.9-2020-q2-update.win32_2.0.0.202105311346/tools/bin/../lib/gcc/arm-none-eabi/9.3.1/../../../../arm-none-eabi/lib/thumb/v7e-m+fp/hard/crt0.o (__libc_init_array)
c:/st/stm32cubeide_1.8.0/stm32cubeide/plugins/com.st.stm32cube.ide.mcu.externaltools.gnu-tools-for-stm32.9-2020-q2-update.win32_2.0.0.202105311346/tools/bin/../lib/gcc/arm-none-eabi/9.3.1/../../../../arm-none-eabi/lib/thumb/v7e-m+fp/hard\libc_nano.a(lib_a-memset.o)
                              c:/st/stm32cubeide_1.8.0/stm32cubeide/plugins/com.st.stm32cube.ide.mcu.externaltools.gnu-tools-for-stm32.9-2020-q2-update.win32_2.0.0.202105311346/tools/bin/../lib/gcc/arm-none-eabi/9.3.1/../../../../arm-none-eabi/lib/thumb/v7e-m+fp/hard/crt0.o (memset)
c:/st/stm32cubeide_1.8.0/stm32cubeide/plugins/com.st.stm32cube.ide.mcu.externaltools.gnu-tools-for-stm32.9-2020-q2-update.win32_2.0.0.202105311346/tools/bin/../lib/gcc/arm-none-eabi/9.3.1/../../../../arm-none-eabi/lib/thumb/v7e-m+fp/hard\libc_nano.a(lib_a-strlen.o)
                              ./Src/SPI_tx.o (strlen)

Discarded input sections

 .text          0x0000000000000000        0x0 c:/st/stm32cubeide_1.8.0/stm32cubeide/plugins/com.st.stm32cube.ide.mcu.externaltools.gnu-tools-for-stm32.9-2020-q2-update.win32_2.0.0.202105311346/tools/bin/../lib/gcc/arm-none-eabi/9.3.1/thumb/v7e-m+fp/hard/crti.o
 .data          0x0000000000000000        0x0 c:/st/stm32cubeide_1.8.0/stm32cubeide/plugins/com.st.stm32cube.ide.mcu.externaltools.gnu-tools-for-stm32.9-2020-q2-update.win32_2.0.0.202105311346/tools/bin/../lib/gcc/arm-none-eabi/9.3.1/thumb/v7e-m+fp/hard/crti.o
 .bss           0x0000000000000000        0x0 c:/st/stm32cubeide_1.8.0/stm32cubeide/plugins/com.st.stm32cube.ide.mcu.externaltools.gnu-tools-for-stm32.9-2020-q2-update.win32_2.0.0.202105311346/tools/bin/../lib/gcc/arm-none-eabi/9.3.1/thumb/v7e-m+fp/hard/crti.o
 .data          0x0000000000000000        0x4 c:/st/stm32cubeide_1.8.0/stm32cubeide/plugins/com.st.stm32cube.ide.mcu.externaltools.gnu-tools-for-stm32.9-2020-q2-update.win32_2.0.0.202105311346/tools/bin/../lib/gcc/arm-none-eabi/9.3.1/thumb/v7e-m+fp/hard/crtbegin.o
 .text          0x0000000000000000       0x7c c:/st/stm32cubeide_1.8.0/stm32cubeide/plugins/com.st.stm32cube.ide.mcu.externaltools.gnu-tools-for-stm32.9-2020-q2-update.win32_2.0.0.202105311346/tools/bin/../lib/gcc/arm-none-eabi/9.3.1/../../../../arm-none-eabi/lib/thumb/v7e-m+fp/hard/crt0.o
 .data          0x0000000000000000        0x0 c:/st/stm32cubeide_1.8.0/stm32cubeide/plugins/com.st.stm32cube.ide.mcu.externaltools.gnu-tools-for-stm32.9-2020-q2-update.win32_2.0.0.202105311346/tools/bin/../lib/gcc/arm-none-eabi/9.3.1/../../../../arm-none-eabi/lib/thumb/v7e-m+fp/hard/crt0.o
 .bss           0x0000000000000000        0x0 c:/st/stm32cubeide_1.8.0/stm32cubeide/plugins/com.st.stm32cube.ide.mcu.externaltools.gnu-tools-for-stm32.9-2020-q2-update.win32_2.0.0.202105311346/tools/bin/../lib/gcc/arm-none-eabi/9.3.1/../../../../arm-none-eabi/lib/thumb/v7e-m+fp/hard/crt0.o
 .ARM.extab     0x0000000000000000        0x0 c:/st/stm32cubeide_1.8.0/stm32cubeide/plugins/com.st.stm32cube.ide.mcu.externaltools.gnu-tools-for-stm32.9-2020-q2-update.win32_2.0.0.202105311346/tools/bin/../lib/gcc/arm-none-eabi/9.3.1/../../../../arm-none-eabi/lib/thumb/v7e-m+fp/hard/crt0.o
 .ARM.exidx     0x0000000000000000       0x10 c:/st/stm32cubeide_1.8.0/stm32cubeide/plugins/com.st.stm32cube.ide.mcu.externaltools.gnu-tools-for-stm32.9-2020-q2-update.win32_2.0.0.202105311346/tools/bin/../lib/gcc/arm-none-eabi/9.3.1/../../../../arm-none-eabi/lib/thumb/v7e-m+fp/hard/crt0.o
 .ARM.attributes
                0x0000000000000000       0x1c c:/st/stm32cubeide_1.8.0/stm32cubeide/plugins/com.st.stm32cube.ide.mcu.externaltools.gnu-tools-for-stm32.9-2020-q2-update.win32_2.0.0.202105311346/tools/bin/../lib/gcc/arm-none-eabi/9.3.1/../../../../arm-none-eabi/lib/thumb/v7e-m+fp/hard/crt0.o
 .group         0x0000000000000000        0xc ./Src/SPI_tx.o
 .group         0x0000000000000000        0xc ./Src/SPI_tx.o
 .group         0x0000000000000000        0xc ./Src/SPI_tx.o
 .group         0x0000000000000000        0xc ./Src/SPI_tx.o
 .group         0x0000000000000000        0xc ./Src/SPI_tx.o
 .group         0x0000000000000000        0xc ./Src/SPI_tx.o
 .group         0x0000000000000000        0xc ./Src/SPI_tx.o
 .group         0x0000000000000000        0xc ./Src/SPI_tx.o
 .group         0x0000000000000000        0xc ./Src/SPI_tx.o
 .group         0x0000000000000000        0xc ./Src/SPI_tx.o
 .group         0x0000000000000000        0xc ./Src/SPI_tx.o
 .group         0x0000000000000000        0xc ./Src/SPI_tx.o
 .group         0x0000000000000000        0xc ./Src/SPI_tx.o
 .group         0x0000000000000000        0xc ./Src/SPI_tx.o
 .group         0x0000000000000000        0xc ./Src/SPI_tx.o
 .group         0x0000000000000000        0xc ./Src/SPI_tx.o
 .group         0x0000000000000000        0xc ./Src/SPI_tx.o
 .group         0x0000000000000000        0xc ./Src/SPI_tx.o
 .group         0x0000000000000000        0xc ./Src/SPI_tx.o
 .group         0x0000000000000000        0xc ./Src/SPI_tx.o
 .group         0x0000000000000000        0xc ./Src/SPI_tx.o
 .group         0x0000000000000000        0xc ./Src/SPI_tx.o
 .group         0x0000000000000000        0xc ./Src/SPI_tx.o
 .group         0x0000000000000000        0xc ./Src/SPI_tx.o
 .group         0x0000000000000000        0xc ./Src/SPI_tx.o
 .group         0x0000000000000000        0xc ./Src/SPI_tx.o
 .group         0x0000000000000000        0xc ./Src/SPI_tx.o
 .group         0x0000000000000000        0xc ./Src/SPI_tx.o
 .group         0x0000000000000000        0xc ./Src/SPI_tx.o
 .group         0x0000000000000000        0xc ./Src/SPI_tx.o
 .group         0x0000000000000000        0xc ./Src/SPI_tx.o
 .group         0x0000000000000000        0xc ./Src/SPI_tx.o
 .group         0x0000000000000000        0xc ./Src/SPI_tx.o
 .group         0x0000000000000000        0xc ./Src/SPI_tx.o
 .group         0x0000000000000000        0xc ./Src/SPI_tx.o
 .group         0x0000000000000000        0xc ./Src/SPI_tx.o
 .group         0x0000000000000000        0xc ./Src/SPI_tx.o
 .group         0x0000000000000000        0xc ./Src/SPI_tx.o
 .group         0x0000000000000000        0xc ./Src/SPI_tx.o
 .group         0x0000000000000000        0xc ./Src/SPI_tx.o
 .group         0x0000000000000000        0xc ./Src/SPI_tx.o
 .text          0x0000000000000000        0x0 ./Src/SPI_tx.o
 .data          0x0000000000000000        0x0 ./Src/SPI_tx.o
 .bss           0x0000000000000000        0x0 ./Src/SPI_tx.o
 .group         0x0000000000000000        0xc ./Src/syscalls.o
 .group         0x0000000000000000        0xc ./Src/syscalls.o
 .group         0x0000000000000000        0xc ./Src/syscalls.o
 .group         0x0000000000000000        0xc ./Src/syscalls.o
 .group         0x0000000000000000        0xc ./Src/syscalls.o
 .group         0x0000000000000000        0xc ./Src/syscalls.o
 .group         0x0000000000000000        0xc ./Src/syscalls.o
 .group         0x0000000000000000        0xc ./Src/syscalls.o
 .group         0x0000000000000000        0xc ./Src/syscalls.o
 .group         0x0000000000000000        0xc ./Src/syscalls.o
 .group         0x0000000000000000        0xc ./Src/syscalls.o
 .group         0x0000000000000000        0xc ./Src/syscalls.o
 .group         0x0000000000000000        0xc ./Src/syscalls.o
 .group         0x0000000000000000        0xc ./Src/syscalls.o
 .group         0x0000000000000000        0xc ./Src/syscalls.o
 .group         0x0000000000000000        0xc ./Src/syscalls.o
 .group         0x0000000000000000        0xc ./Src/syscalls.o
 .group         0x0000000000000000        0xc ./Src/syscalls.o
 .group         0x0000000000000000        0xc ./Src/syscalls.o
 .group         0x0000000000000000        0xc ./Src/syscalls.o
 .group         0x0000000000000000        0xc ./Src/syscalls.o
 .group         0x0000000000000000        0xc ./Src/syscalls.o
 .group         0x0000000000000000        0xc ./Src/syscalls.o
 .group         0x0000000000000000        0xc ./Src/syscalls.o
 .group         0x0000000000000000        0xc ./Src/syscalls.o
 .group         0x0000000000000000        0xc ./Src/syscalls.o
 .group         0x0000000000000000        0xc ./Src/syscalls.o
 .group         0x0000000000000000        0xc ./Src/syscalls.o
 .group         0x0000000000000000        0xc ./Src/syscalls.o
 .group         0x0000000000000000        0xc ./Src/syscalls.o
 .group         0x0000000000000000        0xc ./Src/syscalls.o
 .group         0x0000000000000000        0xc ./Src/syscalls.o
 .group         0x0000000000000000        0xc ./Src/syscalls.o
 .group         0x0000000000000000        0xc ./Src/syscalls.o
 .group         0x0000000000000000        0xc ./Src/syscalls.o
 .group         0x0000000000000000        0xc ./Src/syscalls.o
 .group         0x0000000000000000        0xc ./Src/syscalls.o
 .group         0x0000000000000000        0xc ./Src/syscalls.o
 .group         0x0000000000000000        0xc ./Src/syscalls.o
 .group         0x0000000000000000        0xc ./Src/syscalls.o
 .group         0x0000000000000000        0xc ./Src/syscalls.o
 .group         0x0000000000000000        0xc ./Src/syscalls.o
 .group         0x0000000000000000        0xc ./Src/syscalls.o
 .group         0x0000000000000000        0xc ./Src/syscalls.o
 .group         0x0000000000000000        0xc ./Src/syscalls.o
 .group         0x0000000000000000        0xc ./Src/syscalls.o
 .group         0x0000000000000000        0xc ./Src/syscalls.o
 .text          0x0000000000000000        0x0 ./Src/syscalls.o
 .data          0x0000000000000000        0x0 ./Src/syscalls.o
 .bss           0x0000000000000000        0x0 ./Src/syscalls.o
 .bss.__env     0x0000000000000000        0x4 ./Src/syscalls.o
 .data.environ  0x0000000000000000        0x4 ./Src/syscalls.o
 .text.initialise_monitor_handles
                0x0000000000000000        0xe ./Src/syscalls.o
 .text._getpid  0x0000000000000000       0x10 ./Src/syscalls.o
 .text._kill    0x0000000000000000       0x20 ./Src/syscalls.o
 .text._exit    0x0000000000000000       0x14 ./Src/syscalls.o
 .text._read    0x0000000000000000       0x3a ./Src/syscalls.o
 .text._write   0x0000000000000000       0x38 ./Src/syscalls.o
 .text._close   0x0000000000000000       0x18 ./Src/syscalls.o
 .text._fstat   0x0000000000000000       0x20 ./Src/syscalls.o
 .text._isatty  0x0000000000000000       0x16 ./Src/syscalls.o
 .text._lseek   0x0000000000000000       0x1a ./Src/syscalls.o
 .text._open    0x0000000000000000       0x1c ./Src/syscalls.o
 .text._wait    0x0000000000000000       0x1e ./Src/syscalls.o
 .text._unlink  0x0000000000000000       0x1e ./Src/syscalls.o
 .text._times   0x0000000000000000       0x18 ./Src/syscalls.o
 .text._stat    0x0000000000000000       0x20 ./Src/syscalls.o
 .text._link    0x0000000000000000       0x20 ./Src/syscalls.o
 .text._fork    0x0000000000000000       0x16 ./Src/syscalls.o
 .text._execve  0x0000000000000000       0x22 ./Src/syscalls.o
 .debug_info    0x0000000000000000      0xfa8 ./Src/syscalls.o
 .debug_abbrev  0x0000000000000000      0x286 ./Src/syscalls.o
 .debug_aranges
                0x0000000000000000       0xa8 ./Src/syscalls.o
 .debug_ranges  0x0000000000000000       0x98 ./Src/syscalls.o
 .debug_macro   0x0000000000000000      0x24c ./Src/syscalls.o
 .debug_macro   0x0000000000000000      0xab4 ./Src/syscalls.o
 .debug_macro   0x0000000000000000       0x22 ./Src/syscalls.o
 .debug_macro   0x0000000000000000       0x4c ./Src/syscalls.o
 .debug_macro   0x0000000000000000       0x18 ./Src/syscalls.o
 .debug_macro   0x0000000000000000       0x94 ./Src/syscalls.o
 .debug_macro   0x0000000000000000       0x3c ./Src/syscalls.o
 .debug_macro   0x0000000000000000       0x34 ./Src/syscalls.o
 .debug_macro   0x0000000000000000       0x57 ./Src/syscalls.o
 .debug_macro   0x0000000000000000      0x174 ./Src/syscalls.o
 .debug_macro   0x0000000000000000      0x339 ./Src/syscalls.o
 .debug_macro   0x0000000000000000       0x16 ./Src/syscalls.o
 .debug_macro   0x0000000000000000       0x43 ./Src/syscalls.o
 .debug_macro   0x0000000000000000       0x34 ./Src/syscalls.o
 .debug_macro   0x0000000000000000       0x10 ./Src/syscalls.o
 .debug_macro   0x0000000000000000       0x58 ./Src/syscalls.o
 .debug_macro   0x0000000000000000       0x71 ./Src/syscalls.o
 .debug_macro   0x0000000000000000       0x1c ./Src/syscalls.o
 .debug_macro   0x0000000000000000      0x12a ./Src/syscalls.o
 .debug_macro   0x0000000000000000       0x10 ./Src/syscalls.o
 .debug_macro   0x0000000000000000       0x35 ./Src/syscalls.o
 .debug_macro   0x0000000000000000       0x10 ./Src/syscalls.o
 .debug_macro   0x0000000000000000       0x10 ./Src/syscalls.o
 .debug_macro   0x0000000000000000       0x10 ./Src/syscalls.o
 .debug_macro   0x0000000000000000       0x6a ./Src/syscalls.o
 .debug_macro   0x0000000000000000       0x1c ./Src/syscalls.o
 .debug_macro   0x0000000000000000       0x52 ./Src/syscalls.o
 .debug_macro   0x0000000000000000       0x22 ./Src/syscalls.o
 .debug_macro   0x0000000000000000       0x10 ./Src/syscalls.o
 .debug_macro   0x0000000000000000       0x40 ./Src/syscalls.o
 .debug_macro   0x0000000000000000       0xd5 ./Src/syscalls.o
 .debug_macro   0x0000000000000000       0x1c ./Src/syscalls.o
 .debug_macro   0x0000000000000000       0x3d ./Src/syscalls.o
 .debug_macro   0x0000000000000000       0x35 ./Src/syscalls.o
 .debug_macro   0x0000000000000000      0x12c ./Src/syscalls.o
 .debug_macro   0x0000000000000000       0x16 ./Src/syscalls.o
 .debug_macro   0x0000000000000000       0x16 ./Src/syscalls.o
 .debug_macro   0x0000000000000000       0x29 ./Src/syscalls.o
 .debug_macro   0x0000000000000000       0x10 ./Src/syscalls.o
 .debug_macro   0x0000000000000000      0x241 ./Src/syscalls.o
 .debug_macro   0x0000000000000000       0x1c ./Src/syscalls.o
 .debug_macro   0x0000000000000000       0x10 ./Src/syscalls.o
 .debug_macro   0x0000000000000000       0x10 ./Src/syscalls.o
 .debug_macro   0x0000000000000000       0x16 ./Src/syscalls.o
 .debug_macro   0x0000000000000000      0x145 ./Src/syscalls.o
 .debug_macro   0x0000000000000000      0x189 ./Src/syscalls.o
 .debug_macro   0x0000000000000000       0x16 ./Src/syscalls.o
 .debug_macro   0x0000000000000000       0xce ./Src/syscalls.o
 .debug_line    0x0000000000000000      0x7fd ./Src/syscalls.o
 .debug_str     0x0000000000000000     0x8eeb ./Src/syscalls.o
 .comment       0x0000000000000000       0x54 ./Src/syscalls.o
 .debug_frame   0x0000000000000000      0x2ac ./Src/syscalls.o
 .ARM.attributes
                0x0000000000000000       0x34 ./Src/syscalls.o
 .group         0x0000000000000000        0xc ./Src/sysmem.o
 .group         0x0000000000000000        0xc ./Src/sysmem.o
 .group         0x0000000000000000        0xc ./Src/sysmem.o
 .group         0x0000000000000000        0xc ./Src/sysmem.o
 .group         0x0000000000000000        0xc ./Src/sysmem.o
 .group         0x0000000000000000        0xc ./Src/sysmem.o
 .group         0x0000000000000000        0xc ./Src/sysmem.o
 .group         0x0000000000000000        0xc ./Src/sysmem.o
 .group         0x0000000000000000        0xc ./Src/sysmem.o
 .group         0x0000000000000000        0xc ./Src/sysmem.o
 .group         0x0000000000000000        0xc ./Src/sysmem.o
 .group         0x0000000000000000        0xc ./Src/sysmem.o
 .group         0x0000000000000000        0xc ./Src/sysmem.o
 .group         0x0000000000000000        0xc ./Src/sysmem.o
 .group         0x0000000000000000        0xc ./Src/sysmem.o
 .group         0x0000000000000000        0xc ./Src/sysmem.o
 .group         0x0000000000000000        0xc ./Src/sysmem.o
 .group         0x0000000000000000        0xc ./Src/sysmem.o
 .group         0x0000000000000000        0xc ./Src/sysmem.o
 .group         0x0000000000000000        0xc ./Src/sysmem.o
 .group         0x0000000000000000        0xc ./Src/sysmem.o
 .group         0x0000000000000000        0xc ./Src/sysmem.o
 .text          0x0000000000000000        0x0 ./Src/sysmem.o
 .data          0x0000000000000000        0x0 ./Src/sysmem.o
 .bss           0x0000000000000000        0x0 ./Src/sysmem.o
 .bss.__sbrk_heap_end
                0x0000000000000000        0x4 ./Src/sysmem.o
 .text._sbrk    0x0000000000000000       0x6c ./Src/sysmem.o
 .debug_info    0x0000000000000000      0xa25 ./Src/sysmem.o
 .debug_abbrev  0x0000000000000000      0x1bf ./Src/sysmem.o
 .debug_aranges
                0x0000000000000000       0x20 ./Src/sysmem.o
 .debug_ranges  0x0000000000000000       0x10 ./Src/sysmem.o
 .debug_macro   0x0000000000000000       0xff ./Src/sysmem.o
 .debug_macro   0x0000000000000000      0xab4 ./Src/sysmem.o
 .debug_macro   0x0000000000000000       0x10 ./Src/sysmem.o
 .debug_macro   0x0000000000000000       0x22 ./Src/sysmem.o
 .debug_macro   0x0000000000000000       0x4c ./Src/sysmem.o
 .debug_macro   0x0000000000000000       0x18 ./Src/sysmem.o
 .debug_macro   0x0000000000000000       0x94 ./Src/sysmem.o
 .debug_macro   0x0000000000000000       0x3c ./Src/sysmem.o
 .debug_macro   0x0000000000000000       0x34 ./Src/sysmem.o
 .debug_macro   0x0000000000000000      0x174 ./Src/sysmem.o
 .debug_macro   0x0000000000000000       0x16 ./Src/sysmem.o
 .debug_macro   0x0000000000000000       0x43 ./Src/sysmem.o
 .debug_macro   0x0000000000000000       0x57 ./Src/sysmem.o
 .debug_macro   0x0000000000000000       0x34 ./Src/sysmem.o
 .debug_macro   0x0000000000000000       0x10 ./Src/sysmem.o
 .debug_macro   0x0000000000000000       0x58 ./Src/sysmem.o
 .debug_macro   0x0000000000000000       0x71 ./Src/sysmem.o
 .debug_macro   0x0000000000000000       0x1c ./Src/sysmem.o
 .debug_macro   0x0000000000000000      0x12a ./Src/sysmem.o
 .debug_macro   0x0000000000000000      0x23b ./Src/sysmem.o
 .debug_macro   0x0000000000000000      0x103 ./Src/sysmem.o
 .debug_macro   0x0000000000000000       0x6a ./Src/sysmem.o
 .debug_macro   0x0000000000000000      0x1df ./Src/sysmem.o
 .debug_line    0x0000000000000000      0x4f3 ./Src/sysmem.o
 .debug_str     0x0000000000000000     0x62be ./Src/sysmem.o
 .comment       0x0000000000000000       0x54 ./Src/sysmem.o
 .debug_frame   0x0000000000000000       0x34 ./Src/sysmem.o
 .ARM.attributes
                0x0000000000000000       0x34 ./Src/sysmem.o
 .text          0x0000000000000000       0x14 ./Startup/startup_stm32f401retx.o
 .data          0x0000000000000000        0x0 ./Startup/startup_stm32f401retx.o
 .bss           0x0000000000000000        0x0 ./Startup/startup_stm32f401retx.o
 .group         0x0000000000000000        0xc ./drivers/Src/stm32f401re_gpio_driver.o
 .group         0x0000000000000000        0xc ./drivers/Src/stm32f401re_gpio_driver.o
 .group         0x0000000000000000        0xc ./drivers/Src/stm32f401re_gpio_driver.o
 .group         0x0000000000000000        0xc ./drivers/Src/stm32f401re_gpio_driver.o
 .group         0x0000000000000000        0xc ./drivers/Src/stm32f401re_gpio_driver.o
 .group         0x0000000000000000        0xc ./drivers/Src/stm32f401re_gpio_driver.o
 .group         0x0000000000000000        0xc ./drivers/Src/stm32f401re_gpio_driver.o
 .group         0x0000000000000000        0xc ./drivers/Src/stm32f401re_gpio_driver.o
 .group         0x0000000000000000        0xc ./drivers/Src/stm32f401re_gpio_driver.o
 .group         0x0000000000000000        0xc ./drivers/Src/stm32f401re_gpio_driver.o
 .group         0x0000000000000000        0xc ./drivers/Src/stm32f401re_gpio_driver.o
 .group         0x0000000000000000        0xc ./drivers/Src/stm32f401re_gpio_driver.o
 .group         0x0000000000000000        0xc ./drivers/Src/stm32f401re_gpio_driver.o
 .group         0x0000000000000000        0xc ./drivers/Src/stm32f401re_gpio_driver.o
 .group         0x0000000000000000        0xc ./drivers/Src/stm32f401re_gpio_driver.o
 .group         0x0000000000000000        0xc ./drivers/Src/stm32f401re_gpio_driver.o
 .group         0x0000000000000000        0xc ./drivers/Src/stm32f401re_gpio_driver.o
 .group         0x0000000000000000        0xc ./drivers/Src/stm32f401re_gpio_driver.o
 .group         0x0000000000000000        0xc ./drivers/Src/stm32f401re_gpio_driver.o
 .group         0x0000000000000000        0xc ./drivers/Src/stm32f401re_gpio_driver.o
 .group         0x0000000000000000        0xc ./drivers/Src/stm32f401re_gpio_driver.o
 .group         0x0000000000000000        0xc ./drivers/Src/stm32f401re_gpio_driver.o
 .group         0x0000000000000000        0xc ./drivers/Src/stm32f401re_gpio_driver.o
 .group         0x0000000000000000        0xc ./drivers/Src/stm32f401re_gpio_driver.o
 .group         0x0000000000000000        0xc ./drivers/Src/stm32f401re_gpio_driver.o
 .group         0x0000000000000000        0xc ./drivers/Src/stm32f401re_gpio_driver.o
 .group         0x0000000000000000        0xc ./drivers/Src/stm32f401re_gpio_driver.o
 .group         0x0000000000000000        0xc ./drivers/Src/stm32f401re_gpio_driver.o
 .group         0x0000000000000000        0xc ./drivers/Src/stm32f401re_gpio_driver.o
 .group         0x0000000000000000        0xc ./drivers/Src/stm32f401re_gpio_driver.o
 .group         0x0000000000000000        0xc ./drivers/Src/stm32f401re_gpio_driver.o
 .group         0x0000000000000000        0xc ./drivers/Src/stm32f401re_gpio_driver.o
 .group         0x0000000000000000        0xc ./drivers/Src/stm32f401re_gpio_driver.o
 .group         0x0000000000000000        0xc ./drivers/Src/stm32f401re_gpio_driver.o
 .group         0x0000000000000000        0xc ./drivers/Src/stm32f401re_gpio_driver.o
 .group         0x0000000000000000        0xc ./drivers/Src/stm32f401re_gpio_driver.o
 .group         0x0000000000000000        0xc ./drivers/Src/stm32f401re_gpio_driver.o
 .group         0x0000000000000000        0xc ./drivers/Src/stm32f401re_gpio_driver.o
 .group         0x0000000000000000        0xc ./drivers/Src/stm32f401re_gpio_driver.o
 .group         0x0000000000000000        0xc ./drivers/Src/stm32f401re_gpio_driver.o
 .group         0x0000000000000000        0xc ./drivers/Src/stm32f401re_gpio_driver.o
 .text          0x0000000000000000        0x0 ./drivers/Src/stm32f401re_gpio_driver.o
 .data          0x0000000000000000        0x0 ./drivers/Src/stm32f401re_gpio_driver.o
 .bss           0x0000000000000000        0x0 ./drivers/Src/stm32f401re_gpio_driver.o
 .text.GPIO_DeInit
                0x0000000000000000       0xfc ./drivers/Src/stm32f401re_gpio_driver.o
 .text.GPIO_ReadFromInputPort
                0x0000000000000000       0x1c ./drivers/Src/stm32f401re_gpio_driver.o
 .text.GPIO_WriteToOutputPin
                0x0000000000000000       0x4a ./drivers/Src/stm32f401re_gpio_driver.o
 .text.GPIO_WriteToOutputPort
                0x0000000000000000       0x1e ./drivers/Src/stm32f401re_gpio_driver.o
 .text.GPIO_ToggleOutputPin
                0x0000000000000000       0x2a ./drivers/Src/stm32f401re_gpio_driver.o
 .text.GPIO_IRQ_ITConfig
                0x0000000000000000      0x10c ./drivers/Src/stm32f401re_gpio_driver.o
 .text.GPIO_IRQPriorityConfig
                0x0000000000000000       0x5c ./drivers/Src/stm32f401re_gpio_driver.o
 .text.GPIO_IRQHandling
                0x0000000000000000       0x40 ./drivers/Src/stm32f401re_gpio_driver.o
 .debug_macro   0x0000000000000000      0xab4 ./drivers/Src/stm32f401re_gpio_driver.o
 .debug_macro   0x0000000000000000       0x22 ./drivers/Src/stm32f401re_gpio_driver.o
 .debug_macro   0x0000000000000000       0x4c ./drivers/Src/stm32f401re_gpio_driver.o
 .debug_macro   0x0000000000000000       0x18 ./drivers/Src/stm32f401re_gpio_driver.o
 .debug_macro   0x0000000000000000       0x94 ./drivers/Src/stm32f401re_gpio_driver.o
 .debug_macro   0x0000000000000000       0x3c ./drivers/Src/stm32f401re_gpio_driver.o
 .debug_macro   0x0000000000000000       0x34 ./drivers/Src/stm32f401re_gpio_driver.o
 .debug_macro   0x0000000000000000       0x16 ./drivers/Src/stm32f401re_gpio_driver.o
 .debug_macro   0x0000000000000000       0x57 ./drivers/Src/stm32f401re_gpio_driver.o
 .debug_macro   0x0000000000000000       0x97 ./drivers/Src/stm32f401re_gpio_driver.o
 .debug_macro   0x0000000000000000      0x339 ./drivers/Src/stm32f401re_gpio_driver.o
 .debug_macro   0x0000000000000000       0xfd ./drivers/Src/stm32f401re_gpio_driver.o
 .debug_macro   0x0000000000000000       0x10 ./drivers/Src/stm32f401re_gpio_driver.o
 .debug_macro   0x0000000000000000       0x16 ./drivers/Src/stm32f401re_gpio_driver.o
 .debug_macro   0x0000000000000000       0x43 ./drivers/Src/stm32f401re_gpio_driver.o
 .debug_macro   0x0000000000000000       0x34 ./drivers/Src/stm32f401re_gpio_driver.o
 .debug_macro   0x0000000000000000       0x10 ./drivers/Src/stm32f401re_gpio_driver.o
 .debug_macro   0x0000000000000000       0x58 ./drivers/Src/stm32f401re_gpio_driver.o
 .debug_macro   0x0000000000000000       0x71 ./drivers/Src/stm32f401re_gpio_driver.o
 .debug_macro   0x0000000000000000       0x1c ./drivers/Src/stm32f401re_gpio_driver.o
 .debug_macro   0x0000000000000000      0x12a ./drivers/Src/stm32f401re_gpio_driver.o
 .debug_macro   0x0000000000000000       0x10 ./drivers/Src/stm32f401re_gpio_driver.o
 .debug_macro   0x0000000000000000       0x6a ./drivers/Src/stm32f401re_gpio_driver.o
 .debug_macro   0x0000000000000000       0x1c ./drivers/Src/stm32f401re_gpio_driver.o
 .debug_macro   0x0000000000000000       0x52 ./drivers/Src/stm32f401re_gpio_driver.o
 .debug_macro   0x0000000000000000       0x22 ./drivers/Src/stm32f401re_gpio_driver.o
 .debug_macro   0x0000000000000000       0x10 ./drivers/Src/stm32f401re_gpio_driver.o
 .debug_macro   0x0000000000000000       0x40 ./drivers/Src/stm32f401re_gpio_driver.o
 .debug_macro   0x0000000000000000       0xd5 ./drivers/Src/stm32f401re_gpio_driver.o
 .debug_macro   0x0000000000000000       0x1c ./drivers/Src/stm32f401re_gpio_driver.o
 .debug_macro   0x0000000000000000       0x3d ./drivers/Src/stm32f401re_gpio_driver.o
 .debug_macro   0x0000000000000000       0x16 ./drivers/Src/stm32f401re_gpio_driver.o
 .debug_macro   0x0000000000000000      0x145 ./drivers/Src/stm32f401re_gpio_driver.o
 .debug_macro   0x0000000000000000      0x103 ./drivers/Src/stm32f401re_gpio_driver.o
 .debug_macro   0x0000000000000000      0x1df ./drivers/Src/stm32f401re_gpio_driver.o
 .debug_macro   0x0000000000000000      0x41f ./drivers/Src/stm32f401re_gpio_driver.o
 .debug_macro   0x0000000000000000       0x16 ./drivers/Src/stm32f401re_gpio_driver.o
 .debug_macro   0x0000000000000000       0x35 ./drivers/Src/stm32f401re_gpio_driver.o
 .debug_macro   0x0000000000000000       0x20 ./drivers/Src/stm32f401re_gpio_driver.o
 .debug_macro   0x0000000000000000       0x94 ./drivers/Src/stm32f401re_gpio_driver.o
 .group         0x0000000000000000        0xc ./drivers/Src/stm32f401re_spi_driver.o
 .group         0x0000000000000000        0xc ./drivers/Src/stm32f401re_spi_driver.o
 .group         0x0000000000000000        0xc ./drivers/Src/stm32f401re_spi_driver.o
 .group         0x0000000000000000        0xc ./drivers/Src/stm32f401re_spi_driver.o
 .group         0x0000000000000000        0xc ./drivers/Src/stm32f401re_spi_driver.o
 .group         0x0000000000000000        0xc ./drivers/Src/stm32f401re_spi_driver.o
 .group         0x0000000000000000        0xc ./drivers/Src/stm32f401re_spi_driver.o
 .group         0x0000000000000000        0xc ./drivers/Src/stm32f401re_spi_driver.o
 .group         0x0000000000000000        0xc ./drivers/Src/stm32f401re_spi_driver.o
 .group         0x0000000000000000        0xc ./drivers/Src/stm32f401re_spi_driver.o
 .group         0x0000000000000000        0xc ./drivers/Src/stm32f401re_spi_driver.o
 .group         0x0000000000000000        0xc ./drivers/Src/stm32f401re_spi_driver.o
 .group         0x0000000000000000        0xc ./drivers/Src/stm32f401re_spi_driver.o
 .group         0x0000000000000000        0xc ./drivers/Src/stm32f401re_spi_driver.o
 .group         0x0000000000000000        0xc ./drivers/Src/stm32f401re_spi_driver.o
 .group         0x0000000000000000        0xc ./drivers/Src/stm32f401re_spi_driver.o
 .group         0x0000000000000000        0xc ./drivers/Src/stm32f401re_spi_driver.o
 .group         0x0000000000000000        0xc ./drivers/Src/stm32f401re_spi_driver.o
 .group         0x0000000000000000        0xc ./drivers/Src/stm32f401re_spi_driver.o
 .group         0x0000000000000000        0xc ./drivers/Src/stm32f401re_spi_driver.o
 .group         0x0000000000000000        0xc ./drivers/Src/stm32f401re_spi_driver.o
 .group         0x0000000000000000        0xc ./drivers/Src/stm32f401re_spi_driver.o
 .group         0x0000000000000000        0xc ./drivers/Src/stm32f401re_spi_driver.o
 .group         0x0000000000000000        0xc ./drivers/Src/stm32f401re_spi_driver.o
 .group         0x0000000000000000        0xc ./drivers/Src/stm32f401re_spi_driver.o
 .group         0x0000000000000000        0xc ./drivers/Src/stm32f401re_spi_driver.o
 .group         0x0000000000000000        0xc ./drivers/Src/stm32f401re_spi_driver.o
 .group         0x0000000000000000        0xc ./drivers/Src/stm32f401re_spi_driver.o
 .group         0x0000000000000000        0xc ./drivers/Src/stm32f401re_spi_driver.o
 .group         0x0000000000000000        0xc ./drivers/Src/stm32f401re_spi_driver.o
 .group         0x0000000000000000        0xc ./drivers/Src/stm32f401re_spi_driver.o
 .group         0x0000000000000000        0xc ./drivers/Src/stm32f401re_spi_driver.o
 .group         0x0000000000000000        0xc ./drivers/Src/stm32f401re_spi_driver.o
 .group         0x0000000000000000        0xc ./drivers/Src/stm32f401re_spi_driver.o
 .group         0x0000000000000000        0xc ./drivers/Src/stm32f401re_spi_driver.o
 .group         0x0000000000000000        0xc ./drivers/Src/stm32f401re_spi_driver.o
 .group         0x0000000000000000        0xc ./drivers/Src/stm32f401re_spi_driver.o
 .group         0x0000000000000000        0xc ./drivers/Src/stm32f401re_spi_driver.o
 .group         0x0000000000000000        0xc ./drivers/Src/stm32f401re_spi_driver.o
 .group         0x0000000000000000        0xc ./drivers/Src/stm32f401re_spi_driver.o
 .group         0x0000000000000000        0xc ./drivers/Src/stm32f401re_spi_driver.o
 .text          0x0000000000000000        0x0 ./drivers/Src/stm32f401re_spi_driver.o
 .data          0x0000000000000000        0x0 ./drivers/Src/stm32f401re_spi_driver.o
 .bss           0x0000000000000000        0x0 ./drivers/Src/stm32f401re_spi_driver.o
 .text.SPI_DeInit
                0x0000000000000000       0xb0 ./drivers/Src/stm32f401re_spi_driver.o
 .text.SPI_ReceiveData
                0x0000000000000000       0x72 ./drivers/Src/stm32f401re_spi_driver.o
 .text.SPI_IRQ_ITConfig
                0x0000000000000000       0x1c ./drivers/Src/stm32f401re_spi_driver.o
 .text.SPI_IRQPriorityConfig
                0x0000000000000000       0x1c ./drivers/Src/stm32f401re_spi_driver.o
 .text.SPI_IRQHandling
                0x0000000000000000       0x14 ./drivers/Src/stm32f401re_spi_driver.o
 .text.SPI_SSIConfig
                0x0000000000000000       0x34 ./drivers/Src/stm32f401re_spi_driver.o
 .debug_macro   0x0000000000000000      0xab4 ./drivers/Src/stm32f401re_spi_driver.o
 .debug_macro   0x0000000000000000       0x22 ./drivers/Src/stm32f401re_spi_driver.o
 .debug_macro   0x0000000000000000       0x4c ./drivers/Src/stm32f401re_spi_driver.o
 .debug_macro   0x0000000000000000       0x18 ./drivers/Src/stm32f401re_spi_driver.o
 .debug_macro   0x0000000000000000       0x94 ./drivers/Src/stm32f401re_spi_driver.o
 .debug_macro   0x0000000000000000       0x3c ./drivers/Src/stm32f401re_spi_driver.o
 .debug_macro   0x0000000000000000       0x34 ./drivers/Src/stm32f401re_spi_driver.o
 .debug_macro   0x0000000000000000       0x16 ./drivers/Src/stm32f401re_spi_driver.o
 .debug_macro   0x0000000000000000       0x57 ./drivers/Src/stm32f401re_spi_driver.o
 .debug_macro   0x0000000000000000       0x97 ./drivers/Src/stm32f401re_spi_driver.o
 .debug_macro   0x0000000000000000      0x339 ./drivers/Src/stm32f401re_spi_driver.o
 .debug_macro   0x0000000000000000       0xfd ./drivers/Src/stm32f401re_spi_driver.o
 .debug_macro   0x0000000000000000       0x10 ./drivers/Src/stm32f401re_spi_driver.o
 .debug_macro   0x0000000000000000       0x16 ./drivers/Src/stm32f401re_spi_driver.o
 .debug_macro   0x0000000000000000       0x43 ./drivers/Src/stm32f401re_spi_driver.o
 .debug_macro   0x0000000000000000       0x34 ./drivers/Src/stm32f401re_spi_driver.o
 .debug_macro   0x0000000000000000       0x10 ./drivers/Src/stm32f401re_spi_driver.o
 .debug_macro   0x0000000000000000       0x58 ./drivers/Src/stm32f401re_spi_driver.o
 .debug_macro   0x0000000000000000       0x71 ./drivers/Src/stm32f401re_spi_driver.o
 .debug_macro   0x0000000000000000       0x1c ./drivers/Src/stm32f401re_spi_driver.o
 .debug_macro   0x0000000000000000      0x12a ./drivers/Src/stm32f401re_spi_driver.o
 .debug_macro   0x0000000000000000       0x10 ./drivers/Src/stm32f401re_spi_driver.o
 .debug_macro   0x0000000000000000       0x6a ./drivers/Src/stm32f401re_spi_driver.o
 .debug_macro   0x0000000000000000       0x1c ./drivers/Src/stm32f401re_spi_driver.o
 .debug_macro   0x0000000000000000       0x52 ./drivers/Src/stm32f401re_spi_driver.o
 .debug_macro   0x0000000000000000       0x22 ./drivers/Src/stm32f401re_spi_driver.o
 .debug_macro   0x0000000000000000       0x10 ./drivers/Src/stm32f401re_spi_driver.o
 .debug_macro   0x0000000000000000       0x40 ./drivers/Src/stm32f401re_spi_driver.o
 .debug_macro   0x0000000000000000       0xd5 ./drivers/Src/stm32f401re_spi_driver.o
 .debug_macro   0x0000000000000000       0x1c ./drivers/Src/stm32f401re_spi_driver.o
 .debug_macro   0x0000000000000000       0x3d ./drivers/Src/stm32f401re_spi_driver.o
 .debug_macro   0x0000000000000000       0x16 ./drivers/Src/stm32f401re_spi_driver.o
 .debug_macro   0x0000000000000000      0x145 ./drivers/Src/stm32f401re_spi_driver.o
 .debug_macro   0x0000000000000000      0x103 ./drivers/Src/stm32f401re_spi_driver.o
 .debug_macro   0x0000000000000000      0x1df ./drivers/Src/stm32f401re_spi_driver.o
 .debug_macro   0x0000000000000000      0x41f ./drivers/Src/stm32f401re_spi_driver.o
 .debug_macro   0x0000000000000000       0x16 ./drivers/Src/stm32f401re_spi_driver.o
 .debug_macro   0x0000000000000000       0x35 ./drivers/Src/stm32f401re_spi_driver.o
 .debug_macro   0x0000000000000000       0x20 ./drivers/Src/stm32f401re_spi_driver.o
 .debug_macro   0x0000000000000000       0x94 ./drivers/Src/stm32f401re_spi_driver.o
 .debug_macro   0x0000000000000000       0xca ./drivers/Src/stm32f401re_spi_driver.o
 .text          0x0000000000000000        0x0 c:/st/stm32cubeide_1.8.0/stm32cubeide/plugins/com.st.stm32cube.ide.mcu.externaltools.gnu-tools-for-stm32.9-2020-q2-update.win32_2.0.0.202105311346/tools/bin/../lib/gcc/arm-none-eabi/9.3.1/../../../../arm-none-eabi/lib/thumb/v7e-m+fp/hard\libc_nano.a(lib_a-errno.o)
 .data          0x0000000000000000        0x0 c:/st/stm32cubeide_1.8.0/stm32cubeide/plugins/com.st.stm32cube.ide.mcu.externaltools.gnu-tools-for-stm32.9-2020-q2-update.win32_2.0.0.202105311346/tools/bin/../lib/gcc/arm-none-eabi/9.3.1/../../../../arm-none-eabi/lib/thumb/v7e-m+fp/hard\libc_nano.a(lib_a-errno.o)
 .bss           0x0000000000000000        0x0 c:/st/stm32cubeide_1.8.0/stm32cubeide/plugins/com.st.stm32cube.ide.mcu.externaltools.gnu-tools-for-stm32.9-2020-q2-update.win32_2.0.0.202105311346/tools/bin/../lib/gcc/arm-none-eabi/9.3.1/../../../../arm-none-eabi/lib/thumb/v7e-m+fp/hard\libc_nano.a(lib_a-errno.o)
 .text.__errno  0x0000000000000000        0xc c:/st/stm32cubeide_1.8.0/stm32cubeide/plugins/com.st.stm32cube.ide.mcu.externaltools.gnu-tools-for-stm32.9-2020-q2-update.win32_2.0.0.202105311346/tools/bin/../lib/gcc/arm-none-eabi/9.3.1/../../../../arm-none-eabi/lib/thumb/v7e-m+fp/hard\libc_nano.a(lib_a-errno.o)
 .debug_frame   0x0000000000000000       0x20 c:/st/stm32cubeide_1.8.0/stm32cubeide/plugins/com.st.stm32cube.ide.mcu.externaltools.gnu-tools-for-stm32.9-2020-q2-update.win32_2.0.0.202105311346/tools/bin/../lib/gcc/arm-none-eabi/9.3.1/../../../../arm-none-eabi/lib/thumb/v7e-m+fp/hard\libc_nano.a(lib_a-errno.o)
 .ARM.attributes
                0x0000000000000000       0x34 c:/st/stm32cubeide_1.8.0/stm32cubeide/plugins/com.st.stm32cube.ide.mcu.externaltools.gnu-tools-for-stm32.9-2020-q2-update.win32_2.0.0.202105311346/tools/bin/../lib/gcc/arm-none-eabi/9.3.1/../../../../arm-none-eabi/lib/thumb/v7e-m+fp/hard\libc_nano.a(lib_a-errno.o)
 .text          0x0000000000000000        0x0 c:/st/stm32cubeide_1.8.0/stm32cubeide/plugins/com.st.stm32cube.ide.mcu.externaltools.gnu-tools-for-stm32.9-2020-q2-update.win32_2.0.0.202105311346/tools/bin/../lib/gcc/arm-none-eabi/9.3.1/../../../../arm-none-eabi/lib/thumb/v7e-m+fp/hard\libc_nano.a(lib_a-exit.o)
 .data          0x0000000000000000        0x0 c:/st/stm32cubeide_1.8.0/stm32cubeide/plugins/com.st.stm32cube.ide.mcu.externaltools.gnu-tools-for-stm32.9-2020-q2-update.win32_2.0.0.202105311346/tools/bin/../lib/gcc/arm-none-eabi/9.3.1/../../../../arm-none-eabi/lib/thumb/v7e-m+fp/hard\libc_nano.a(lib_a-exit.o)
 .bss           0x0000000000000000        0x0 c:/st/stm32cubeide_1.8.0/stm32cubeide/plugins/com.st.stm32cube.ide.mcu.externaltools.gnu-tools-for-stm32.9-2020-q2-update.win32_2.0.0.202105311346/tools/bin/../lib/gcc/arm-none-eabi/9.3.1/../../../../arm-none-eabi/lib/thumb/v7e-m+fp/hard\libc_nano.a(lib_a-exit.o)
 .text.exit     0x0000000000000000       0x28 c:/st/stm32cubeide_1.8.0/stm32cubeide/plugins/com.st.stm32cube.ide.mcu.externaltools.gnu-tools-for-stm32.9-2020-q2-update.win32_2.0.0.202105311346/tools/bin/../lib/gcc/arm-none-eabi/9.3.1/../../../../arm-none-eabi/lib/thumb/v7e-m+fp/hard\libc_nano.a(lib_a-exit.o)
 .debug_frame   0x0000000000000000       0x28 c:/st/stm32cubeide_1.8.0/stm32cubeide/plugins/com.st.stm32cube.ide.mcu.externaltools.gnu-tools-for-stm32.9-2020-q2-update.win32_2.0.0.202105311346/tools/bin/../lib/gcc/arm-none-eabi/9.3.1/../../../../arm-none-eabi/lib/thumb/v7e-m+fp/hard\libc_nano.a(lib_a-exit.o)
 .ARM.attributes
                0x0000000000000000       0x34 c:/st/stm32cubeide_1.8.0/stm32cubeide/plugins/com.st.stm32cube.ide.mcu.externaltools.gnu-tools-for-stm32.9-2020-q2-update.win32_2.0.0.202105311346/tools/bin/../lib/gcc/arm-none-eabi/9.3.1/../../../../arm-none-eabi/lib/thumb/v7e-m+fp/hard\libc_nano.a(lib_a-exit.o)
 .text          0x0000000000000000        0x0 c:/st/stm32cubeide_1.8.0/stm32cubeide/plugins/com.st.stm32cube.ide.mcu.externaltools.gnu-tools-for-stm32.9-2020-q2-update.win32_2.0.0.202105311346/tools/bin/../lib/gcc/arm-none-eabi/9.3.1/../../../../arm-none-eabi/lib/thumb/v7e-m+fp/hard\libc_nano.a(lib_a-impure.o)
 .data          0x0000000000000000        0x0 c:/st/stm32cubeide_1.8.0/stm32cubeide/plugins/com.st.stm32cube.ide.mcu.externaltools.gnu-tools-for-stm32.9-2020-q2-update.win32_2.0.0.202105311346/tools/bin/../lib/gcc/arm-none-eabi/9.3.1/../../../../arm-none-eabi/lib/thumb/v7e-m+fp/hard\libc_nano.a(lib_a-impure.o)
 .bss           0x0000000000000000        0x0 c:/st/stm32cubeide_1.8.0/stm32cubeide/plugins/com.st.stm32cube.ide.mcu.externaltools.gnu-tools-for-stm32.9-2020-q2-update.win32_2.0.0.202105311346/tools/bin/../lib/gcc/arm-none-eabi/9.3.1/../../../../arm-none-eabi/lib/thumb/v7e-m+fp/hard\libc_nano.a(lib_a-impure.o)
 .data._impure_ptr
                0x0000000000000000        0x4 c:/st/stm32cubeide_1.8.0/stm32cubeide/plugins/com.st.stm32cube.ide.mcu.externaltools.gnu-tools-for-stm32.9-2020-q2-update.win32_2.0.0.202105311346/tools/bin/../lib/gcc/arm-none-eabi/9.3.1/../../../../arm-none-eabi/lib/thumb/v7e-m+fp/hard\libc_nano.a(lib_a-impure.o)
 .data.impure_data
                0x0000000000000000       0x60 c:/st/stm32cubeide_1.8.0/stm32cubeide/plugins/com.st.stm32cube.ide.mcu.externaltools.gnu-tools-for-stm32.9-2020-q2-update.win32_2.0.0.202105311346/tools/bin/../lib/gcc/arm-none-eabi/9.3.1/../../../../arm-none-eabi/lib/thumb/v7e-m+fp/hard\libc_nano.a(lib_a-impure.o)
 .rodata._global_impure_ptr
                0x0000000000000000        0x4 c:/st/stm32cubeide_1.8.0/stm32cubeide/plugins/com.st.stm32cube.ide.mcu.externaltools.gnu-tools-for-stm32.9-2020-q2-update.win32_2.0.0.202105311346/tools/bin/../lib/gcc/arm-none-eabi/9.3.1/../../../../arm-none-eabi/lib/thumb/v7e-m+fp/hard\libc_nano.a(lib_a-impure.o)
 .ARM.attributes
                0x0000000000000000       0x32 c:/st/stm32cubeide_1.8.0/stm32cubeide/plugins/com.st.stm32cube.ide.mcu.externaltools.gnu-tools-for-stm32.9-2020-q2-update.win32_2.0.0.202105311346/tools/bin/../lib/gcc/arm-none-eabi/9.3.1/../../../../arm-none-eabi/lib/thumb/v7e-m+fp/hard\libc_nano.a(lib_a-impure.o)
 .text          0x0000000000000000        0x0 c:/st/stm32cubeide_1.8.0/stm32cubeide/plugins/com.st.stm32cube.ide.mcu.externaltools.gnu-tools-for-stm32.9-2020-q2-update.win32_2.0.0.202105311346/tools/bin/../lib/gcc/arm-none-eabi/9.3.1/../../../../arm-none-eabi/lib/thumb/v7e-m+fp/hard\libc_nano.a(lib_a-init.o)
 .data          0x0000000000000000        0x0 c:/st/stm32cubeide_1.8.0/stm32cubeide/plugins/com.st.stm32cube.ide.mcu.externaltools.gnu-tools-for-stm32.9-2020-q2-update.win32_2.0.0.202105311346/tools/bin/../lib/gcc/arm-none-eabi/9.3.1/../../../../arm-none-eabi/lib/thumb/v7e-m+fp/hard\libc_nano.a(lib_a-init.o)
 .bss           0x0000000000000000        0x0 c:/st/stm32cubeide_1.8.0/stm32cubeide/plugins/com.st.stm32cube.ide.mcu.externaltools.gnu-tools-for-stm32.9-2020-q2-update.win32_2.0.0.202105311346/tools/bin/../lib/gcc/arm-none-eabi/9.3.1/../../../../arm-none-eabi/lib/thumb/v7e-m+fp/hard\libc_nano.a(lib_a-init.o)
 .text          0x0000000000000000        0x0 c:/st/stm32cubeide_1.8.0/stm32cubeide/plugins/com.st.stm32cube.ide.mcu.externaltools.gnu-tools-for-stm32.9-2020-q2-update.win32_2.0.0.202105311346/tools/bin/../lib/gcc/arm-none-eabi/9.3.1/../../../../arm-none-eabi/lib/thumb/v7e-m+fp/hard\libc_nano.a(lib_a-memset.o)
 .data          0x0000000000000000        0x0 c:/st/stm32cubeide_1.8.0/stm32cubeide/plugins/com.st.stm32cube.ide.mcu.externaltools.gnu-tools-for-stm32.9-2020-q2-update.win32_2.0.0.202105311346/tools/bin/../lib/gcc/arm-none-eabi/9.3.1/../../../../arm-none-eabi/lib/thumb/v7e-m+fp/hard\libc_nano.a(lib_a-memset.o)
 .bss           0x0000000000000000        0x0 c:/st/stm32cubeide_1.8.0/stm32cubeide/plugins/com.st.stm32cube.ide.mcu.externaltools.gnu-tools-for-stm32.9-2020-q2-update.win32_2.0.0.202105311346/tools/bin/../lib/gcc/arm-none-eabi/9.3.1/../../../../arm-none-eabi/lib/thumb/v7e-m+fp/hard\libc_nano.a(lib_a-memset.o)
 .text.memset   0x0000000000000000       0x10 c:/st/stm32cubeide_1.8.0/stm32cubeide/plugins/com.st.stm32cube.ide.mcu.externaltools.gnu-tools-for-stm32.9-2020-q2-update.win32_2.0.0.202105311346/tools/bin/../lib/gcc/arm-none-eabi/9.3.1/../../../../arm-none-eabi/lib/thumb/v7e-m+fp/hard\libc_nano.a(lib_a-memset.o)
 .debug_frame   0x0000000000000000       0x20 c:/st/stm32cubeide_1.8.0/stm32cubeide/plugins/com.st.stm32cube.ide.mcu.externaltools.gnu-tools-for-stm32.9-2020-q2-update.win32_2.0.0.202105311346/tools/bin/../lib/gcc/arm-none-eabi/9.3.1/../../../../arm-none-eabi/lib/thumb/v7e-m+fp/hard\libc_nano.a(lib_a-memset.o)
 .ARM.attributes
                0x0000000000000000       0x34 c:/st/stm32cubeide_1.8.0/stm32cubeide/plugins/com.st.stm32cube.ide.mcu.externaltools.gnu-tools-for-stm32.9-2020-q2-update.win32_2.0.0.202105311346/tools/bin/../lib/gcc/arm-none-eabi/9.3.1/../../../../arm-none-eabi/lib/thumb/v7e-m+fp/hard\libc_nano.a(lib_a-memset.o)
 .data          0x0000000000000000        0x0 c:/st/stm32cubeide_1.8.0/stm32cubeide/plugins/com.st.stm32cube.ide.mcu.externaltools.gnu-tools-for-stm32.9-2020-q2-update.win32_2.0.0.202105311346/tools/bin/../lib/gcc/arm-none-eabi/9.3.1/../../../../arm-none-eabi/lib/thumb/v7e-m+fp/hard\libc_nano.a(lib_a-strlen.o)
 .bss           0x0000000000000000        0x0 c:/st/stm32cubeide_1.8.0/stm32cubeide/plugins/com.st.stm32cube.ide.mcu.externaltools.gnu-tools-for-stm32.9-2020-q2-update.win32_2.0.0.202105311346/tools/bin/../lib/gcc/arm-none-eabi/9.3.1/../../../../arm-none-eabi/lib/thumb/v7e-m+fp/hard\libc_nano.a(lib_a-strlen.o)
 .text          0x0000000000000000        0x0 c:/st/stm32cubeide_1.8.0/stm32cubeide/plugins/com.st.stm32cube.ide.mcu.externaltools.gnu-tools-for-stm32.9-2020-q2-update.win32_2.0.0.202105311346/tools/bin/../lib/gcc/arm-none-eabi/9.3.1/thumb/v7e-m+fp/hard/crtend.o
 .data          0x0000000000000000        0x0 c:/st/stm32cubeide_1.8.0/stm32cubeide/plugins/com.st.stm32cube.ide.mcu.externaltools.gnu-tools-for-stm32.9-2020-q2-update.win32_2.0.0.202105311346/tools/bin/../lib/gcc/arm-none-eabi/9.3.1/thumb/v7e-m+fp/hard/crtend.o
 .bss           0x0000000000000000        0x0 c:/st/stm32cubeide_1.8.0/stm32cubeide/plugins/com.st.stm32cube.ide.mcu.externaltools.gnu-tools-for-stm32.9-2020-q2-update.win32_2.0.0.202105311346/tools/bin/../lib/gcc/arm-none-eabi/9.3.1/thumb/v7e-m+fp/hard/crtend.o
 .eh_frame      0x0000000000000000        0x4 c:/st/stm32cubeide_1.8.0/stm32cubeide/plugins/com.st.stm32cube.ide.mcu.externaltools.gnu-tools-for-stm32.9-2020-q2-update.win32_2.0.0.202105311346/tools/bin/../lib/gcc/arm-none-eabi/9.3.1/thumb/v7e-m+fp/hard/crtend.o
 .ARM.attributes
                0x0000000000000000       0x32 c:/st/stm32cubeide_1.8.0/stm32cubeide/plugins/com.st.stm32cube.ide.mcu.externaltools.gnu-tools-for-stm32.9-2020-q2-update.win32_2.0.0.202105311346/tools/bin/../lib/gcc/arm-none-eabi/9.3.1/thumb/v7e-m+fp/hard/crtend.o
 .text          0x0000000000000000        0x0 c:/st/stm32cubeide_1.8.0/stm32cubeide/plugins/com.st.stm32cube.ide.mcu.externaltools.gnu-tools-for-stm32.9-2020-q2-update.win32_2.0.0.202105311346/tools/bin/../lib/gcc/arm-none-eabi/9.3.1/thumb/v7e-m+fp/hard/crtn.o
 .data          0x0000000000000000        0x0 c:/st/stm32cubeide_1.8.0/stm32cubeide/plugins/com.st.stm32cube.ide.mcu.externaltools.gnu-tools-for-stm32.9-2020-q2-update.win32_2.0.0.202105311346/tools/bin/../lib/gcc/arm-none-eabi/9.3.1/thumb/v7e-m+fp/hard/crtn.o
 .bss           0x0000000000000000        0x0 c:/st/stm32cubeide_1.8.0/stm32cubeide/plugins/com.st.stm32cube.ide.mcu.externaltools.gnu-tools-for-stm32.9-2020-q2-update.win32_2.0.0.202105311346/tools/bin/../lib/gcc/arm-none-eabi/9.3.1/thumb/v7e-m+fp/hard/crtn.o

Memory Configuration

Name             Origin             Length             Attributes
RAM              0x0000000020000000 0x0000000000018000 xrw
FLASH            0x0000000008000000 0x0000000000080000 xr
*default*        0x0000000000000000 0xffffffffffffffff

Linker script and memory map

LOAD c:/st/stm32cubeide_1.8.0/stm32cubeide/plugins/com.st.stm32cube.ide.mcu.externaltools.gnu-tools-for-stm32.9-2020-q2-update.win32_2.0.0.202105311346/tools/bin/../lib/gcc/arm-none-eabi/9.3.1/thumb/v7e-m+fp/hard/crti.o
LOAD c:/st/stm32cubeide_1.8.0/stm32cubeide/plugins/com.st.stm32cube.ide.mcu.externaltools.gnu-tools-for-stm32.9-2020-q2-update.win32_2.0.0.202105311346/tools/bin/../lib/gcc/arm-none-eabi/9.3.1/thumb/v7e-m+fp/hard/crtbegin.o
LOAD c:/st/stm32cubeide_1.8.0/stm32cubeide/plugins/com.st.stm32cube.ide.mcu.externaltools.gnu-tools-for-stm32.9-2020-q2-update.win32_2.0.0.202105311346/tools/bin/../lib/gcc/arm-none-eabi/9.3.1/../../../../arm-none-eabi/lib/thumb/v7e-m+fp/hard/crt0.o
LOAD ./Src/SPI_tx.o
LOAD ./Src/syscalls.o
LOAD ./Src/sysmem.o
LOAD ./Startup/startup_stm32f401retx.o
LOAD ./drivers/Src/stm32f401re_gpio_driver.o
LOAD ./drivers/Src/stm32f401re_spi_driver.o
START GROUP
LOAD c:/st/stm32cubeide_1.8.0/stm32cubeide/plugins/com.st.stm32cube.ide.mcu.externaltools.gnu-tools-for-stm32.9-2020-q2-update.win32_2.0.0.202105311346/tools/bin/../lib/gcc/arm-none-eabi/9.3.1/../../../../arm-none-eabi/lib/thumb/v7e-m+fp/hard\libc_nano.a
LOAD c:/st/stm32cubeide_1.8.0/stm32cubeide/plugins/com.st.stm32cube.ide.mcu.externaltools.gnu-tools-for-stm32.9-2020-q2-update.win32_2.0.0.202105311346/tools/bin/../lib/gcc/arm-none-eabi/9.3.1/../../../../arm-none-eabi/lib/thumb/v7e-m+fp/hard\libm.a
END GROUP
START GROUP
LOAD c:/st/stm32cubeide_1.8.0/stm32cubeide/plugins/com.st.stm32cube.ide.mcu.externaltools.gnu-tools-for-stm32.9-2020-q2-update.win32_2.0.0.202105311346/tools/bin/../lib/gcc/arm-none-eabi/9.3.1/thumb/v7e-m+fp/hard\libgcc.a
LOAD c:/st/stm32cubeide_1.8.0/stm32cubeide/plugins/com.st.stm32cube.ide.mcu.externaltools.gnu-tools-for-stm32.9-2020-q2-update.win32_2.0.0.202105311346/tools/bin/../lib/gcc/arm-none-eabi/9.3.1/../../../../arm-none-eabi/lib/thumb/v7e-m+fp/hard\libc_nano.a
END GROUP
START GROUP
LOAD c:/st/stm32cubeide_1.8.0/stm32cubeide/plugins/com.st.stm32cube.ide.mcu.externaltools.gnu-tools-for-stm32.9-2020-q2-update.win32_2.0.0.202105311346/tools/bin/../lib/gcc/arm-none-eabi/9.3.1/thumb/v7e-m+fp/hard\libgcc.a
LOAD c:/st/stm32cubeide_1.8.0/stm32cubeide/plugins/com.st.stm32cube.ide.mcu.externaltools.gnu-tools-for-stm32.9-2020-q2-update.win32_2.0.0.202105311346/tools/bin/../lib/gcc/arm-none-eabi/9.3.1/../../../../arm-none-eabi/lib/thumb/v7e-m+fp/hard\libc_nano.a
LOAD c:/st/stm32cubeide_1.8.0/stm32cubeide/plugins/com.st.stm32cube.ide.mcu.externaltools.gnu-tools-for-stm32.9-2020-q2-update.win32_2.0.0.202105311346/tools/bin/../lib/gcc/arm-none-eabi/9.3.1/../../../../arm-none-eabi/lib/thumb/v7e-m+fp/hard\libnosys.a
END GROUP
START GROUP
LOAD c:/st/stm32cubeide_1.8.0/stm32cubeide/plugins/com.st.stm32cube.ide.mcu.externaltools.gnu-tools-for-stm32.9-2020-q2-update.win32_2.0.0.202105311346/tools/bin/../lib/gcc/arm-none-eabi/9.3.1/thumb/v7e-m+fp/hard\libgcc.a
LOAD c:/st/stm32cubeide_1.8.0/stm32cubeide/plugins/com.st.stm32cube.ide.mcu.externaltools.gnu-tools-for-stm32.9-2020-q2-update.win32_2.0.0.202105311346/tools/bin/../lib/gcc/arm-none-eabi/9.3.1/../../../../arm-none-eabi/lib/thumb/v7e-m+fp/hard\libc_nano.a
LOAD c:/st/stm32cubeide_1.8.0/stm32cubeide/plugins/com.st.stm32cube.ide.mcu.externaltools.gnu-tools-for-stm32.9-2020-q2-update.win32_2.0.0.202105311346/tools/bin/../lib/gcc/arm-none-eabi/9.3.1/../../../../arm-none-eabi/lib/thumb/v7e-m+fp/hard\libnosys.a
END GROUP
LOAD c:/st/stm32cubeide_1.8.0/stm32cubeide/plugins/com.st.stm32cube.ide.mcu.externaltools.gnu-tools-for-stm32.9-2020-q2-update.win32_2.0.0.202105311346/tools/bin/../lib/gcc/arm-none-eabi/9.3.1/thumb/v7e-m+fp/hard/crtend.o
LOAD c:/st/stm32cubeide_1.8.0/stm32cubeide/plugins/com.st.stm32cube.ide.mcu.externaltools.gnu-tools-for-stm32.9-2020-q2-update.win32_2.0.0.202105311346/tools/bin/../lib/gcc/arm-none-eabi/9.3.1/thumb/v7e-m+fp/hard/crtn.o
                0x0000000020018000                _estack = (ORIGIN (RAM) + LENGTH (RAM))
                0x0000000000000200                _Min_Heap_Size = 0x200
                0x0000000000000400                _Min_Stack_Size = 0x400

.isr_vector     0x0000000008000000      0x194
                0x0000000008000000                . = ALIGN (0x4)
 *(.isr_vector)
 .isr_vector    0x0000000008000000      0x194 ./Startup/startup_stm32f401retx.o
                0x0000000008000000                g_pfnVectors
                0x0000000008000194                . = ALIGN (0x4)

.text           0x0000000008000194      0x990
                0x0000000008000194                . = ALIGN (0x4)
 *(.text)
 .text          0x0000000008000194       0x40 c:/st/stm32cubeide_1.8.0/stm32cubeide/plugins/com.st.stm32cube.ide.mcu.externaltools.gnu-tools-for-stm32.9-2020-q2-update.win32_2.0.0.202105311346/tools/bin/../lib/gcc/arm-none-eabi/9.3.1/thumb/v7e-m+fp/hard/crtbegin.o
 .text          0x00000000080001d4       0x10 c:/st/stm32cubeide_1.8.0/stm32cubeide/plugins/com.st.stm32cube.ide.mcu.externaltools.gnu-tools-for-stm32.9-2020-q2-update.win32_2.0.0.202105311346/tools/bin/../lib/gcc/arm-none-eabi/9.3.1/../../../../arm-none-eabi/lib/thumb/v7e-m+fp/hard\libc_nano.a(lib_a-strlen.o)
                0x00000000080001d4                strlen
 *(.text*)
 .text.SPI1_GPIOInits
                0x00000000080001e4       0x44 ./Src/SPI_tx.o
                0x00000000080001e4                SPI1_GPIOInits
 .text.SPI1_init
                0x0000000008000228       0x3c ./Src/SPI_tx.o
                0x0000000008000228                SPI1_init
 .text.GPIO_ButtonInit
                0x0000000008000264       0x30 ./Src/SPI_tx.o
                0x0000000008000264                GPIO_ButtonInit
 .text.Delay    0x0000000008000294       0x2c ./Src/SPI_tx.o
                0x0000000008000294                Delay
 .text.main     0x00000000080002c0       0xa0 ./Src/SPI_tx.o
                0x00000000080002c0                main
 .text.Reset_Handler
                0x0000000008000360       0x50 ./Startup/startup_stm32f401retx.o
                0x0000000008000360                Reset_Handler
 .text.Default_Handler
                0x00000000080003b0        0x2 ./Startup/startup_stm32f401retx.o
                0x00000000080003b0                EXTI2_IRQHandler
                0x00000000080003b0                DebugMon_Handler
                0x00000000080003b0                SPI4_IRQHandler
                0x00000000080003b0                TIM1_CC_IRQHandler
                0x00000000080003b0                HardFault_Handler
                0x00000000080003b0                SysTick_Handler
                0x00000000080003b0                SDIO_IRQHandler
                0x00000000080003b0                TAMP_STAMP_IRQHandler
                0x00000000080003b0                PendSV_Handler
                0x00000000080003b0                NMI_Handler
                0x00000000080003b0                EXTI3_IRQHandler
                0x00000000080003b0                TIM1_UP_TIM10_IRQHandler
                0x00000000080003b0                I2C3_ER_IRQHandler
                0x00000000080003b0                EXTI18_OTG_FS_WKUP_IRQHandler
                0x00000000080003b0                EXTI0_IRQHandler
                0x00000000080003b0                I2C2_EV_IRQHandler
                0x00000000080003b0                FPU_IRQHandler
                0x00000000080003b0                UsageFault_Handler
                0x00000000080003b0                SPI1_IRQHandler
                0x00000000080003b0                TIM1_BRK_TIM9_IRQHandler
                0x00000000080003b0                USART6_IRQHandler
                0x00000000080003b0                TIM4_IRQHandler
                0x00000000080003b0                I2C1_EV_IRQHandler
                0x00000000080003b0                TIM3_IRQHandler
                0x00000000080003b0                RCC_IRQHandler
                0x00000000080003b0                Default_Handler
                0x00000000080003b0                EXTI15_10_IRQHandler
                0x00000000080003b0                ADC_IRQHandler
                0x00000000080003b0                TIM5_IRQHandler
                0x00000000080003b0                I2C3_EV_IRQHandler
                0x00000000080003b0                EXTI9_5_IRQHandler
                0x00000000080003b0                SPI2_IRQHandler
                0x00000000080003b0                MemManage_Handler
                0x00000000080003b0                SVC_Handler
                0x00000000080003b0                EXTI4_IRQHandler
                0x00000000080003b0                EXTI22_RTC_WKUP_IRQHandler
                0x00000000080003b0                TIM2_IRQHandler
                0x00000000080003b0                EXTI16_PVD_IRQHandler
                0x00000000080003b0                TIM1_TRG_COM_TIM11_IRQHandler
                0x00000000080003b0                EXTI1_IRQHandler
                0x00000000080003b0                EXTI17_RTC_Alarm_IRQHandler
                0x00000000080003b0                USART2_IRQHandler
                0x00000000080003b0                I2C2_ER_IRQHandler
                0x00000000080003b0                FLASH_IRQHandler
                0x00000000080003b0                BusFault_Handler
                0x00000000080003b0                USART1_IRQHandler
                0x00000000080003b0                OTG_FS_IRQHandler
                0x00000000080003b0                SPI3_IRQHandler
                0x00000000080003b0                I2C1_ER_IRQHandler
 *fill*         0x00000000080003b2        0x2 
 .text.GPIO_PeriClockControl
                0x00000000080003b4      0x140 ./drivers/Src/stm32f401re_gpio_driver.o
                0x00000000080003b4                GPIO_PeriClockControl
 .text.GPIO_Init
                0x00000000080004f4      0x304 ./drivers/Src/stm32f401re_gpio_driver.o
                0x00000000080004f4                GPIO_Init
 .text.GPIO_ReadFromInputPin
                0x00000000080007f8       0x2c ./drivers/Src/stm32f401re_gpio_driver.o
                0x00000000080007f8                GPIO_ReadFromInputPin
 .text.SPI_PeriClockControl
                0x0000000008000824       0xe0 ./drivers/Src/stm32f401re_spi_driver.o
                0x0000000008000824                SPI_PeriClockControl
 .text.SPI_Init
                0x0000000008000904       0xa4 ./drivers/Src/stm32f401re_spi_driver.o
                0x0000000008000904                SPI_Init
 .text.SPI_GetFlagStatus
                0x00000000080009a8       0x2c ./drivers/Src/stm32f401re_spi_driver.o
                0x00000000080009a8                SPI_GetFlagStatus
 .text.SPI_SendData
                0x00000000080009d4       0x6e ./drivers/Src/stm32f401re_spi_driver.o
                0x00000000080009d4                SPI_SendData
 .text.SPI_PeripheralControl
                0x0000000008000a42       0x40 ./drivers/Src/stm32f401re_spi_driver.o
                0x0000000008000a42                SPI_PeripheralControl
 .text.SPI_SSOEConfig
                0x0000000008000a82       0x40 ./drivers/Src/stm32f401re_spi_driver.o
                0x0000000008000a82                SPI_SSOEConfig
 *fill*         0x0000000008000ac2        0x2 
 .text.__libc_init_array
                0x0000000008000ac4       0x48 c:/st/stm32cubeide_1.8.0/stm32cubeide/plugins/com.st.stm32cube.ide.mcu.externaltools.gnu-tools-for-stm32.9-2020-q2-update.win32_2.0.0.202105311346/tools/bin/../lib/gcc/arm-none-eabi/9.3.1/../../../../arm-none-eabi/lib/thumb/v7e-m+fp/hard\libc_nano.a(lib_a-init.o)
                0x0000000008000ac4                __libc_init_array
 *(.glue_7)
 .glue_7        0x0000000008000b0c        0x0 linker stubs
 *(.glue_7t)
 .glue_7t       0x0000000008000b0c        0x0 linker stubs
 *(.eh_frame)
 .eh_frame      0x0000000008000b0c        0x0 c:/st/stm32cubeide_1.8.0/stm32cubeide/plugins/com.st.stm32cube.ide.mcu.externaltools.gnu-tools-for-stm32.9-2020-q2-update.win32_2.0.0.202105311346/tools/bin/../lib/gcc/arm-none-eabi/9.3.1/thumb/v7e-m+fp/hard/crtbegin.o
 *(.init)
 .init          0x0000000008000b0c        0x4 c:/st/stm32cubeide_1.8.0/stm32cubeide/plugins/com.st.stm32cube.ide.mcu.externaltools.gnu-tools-for-stm32.9-2020-q2-update.win32_2.0.0.202105311346/tools/bin/../lib/gcc/arm-none-eabi/9.3.1/thumb/v7e-m+fp/hard/crti.o
                0x0000000008000b0c                _init
 .init          0x0000000008000b10        0x8 c:/st/stm32cubeide_1.8.0/stm32cubeide/plugins/com.st.stm32cube.ide.mcu.externaltools.gnu-tools-for-stm32.9-2020-q2-update.win32_2.0.0.202105311346/tools/bin/../lib/gcc/arm-none-eabi/9.3.1/thumb/v7e-m+fp/hard/crtn.o
 *(.fini)
 .fini          0x0000000008000b18        0x4 c:/st/stm32cubeide_1.8.0/stm32cubeide/plugins/com.st.stm32cube.ide.mcu.externaltools.gnu-tools-for-stm32.9-2020-q2-update.win32_2.0.0.202105311346/tools/bin/../lib/gcc/arm-none-eabi/9.3.1/thumb/v7e-m+fp/hard/crti.o
                0x0000000008000b18                _fini
 .fini          0x0000000008000b1c        0x8 c:/st/stm32cubeide_1.8.0/stm32cubeide/plugins/com.st.stm32cube.ide.mcu.externaltools.gnu-tools-for-stm32.9-2020-q2-update.win32_2.0.0.202105311346/tools/bin/../lib/gcc/arm-none-eabi/9.3.1/thumb/v7e-m+fp/hard/crtn.o
                0x0000000008000b24                . = ALIGN (0x4)
                0x0000000008000b24                _etext = .

.vfp11_veneer   0x0000000008000b24        0x0
 .vfp11_veneer  0x0000000008000b24        0x0 linker stubs

.v4_bx          0x0000000008000b24        0x0
 .v4_bx         0x0000000008000b24        0x0 linker stubs

.iplt           0x0000000008000b24        0x0
 .iplt          0x0000000008000b24        0x0 c:/st/stm32cubeide_1.8.0/stm32cubeide/plugins/com.st.stm32cube.ide.mcu.externaltools.gnu-tools-for-stm32.9-2020-q2-update.win32_2.0.0.202105311346/tools/bin/../lib/gcc/arm-none-eabi/9.3.1/thumb/v7e-m+fp/hard/crtbegin.o

.rodata         0x0000000008000b24       0x10
                0x0000000008000b24                . = ALIGN (0x4)
 *(.rodata)
 .rodata        0x0000000008000b24        0xd ./Src/SPI_tx.o
 *(.rodata*)
                0x0000000008000b34                . = ALIGN (0x4)
 *fill*         0x0000000008000b31        0x3 

.rel.dyn        0x0000000008000b34        0x0
 .rel.iplt      0x0000000008000b34        0x0 c:/st/stm32cubeide_1.8.0/stm32cubeide/plugins/com.st.stm32cube.ide.mcu.externaltools.gnu-tools-for-stm32.9-2020-q2-update.win32_2.0.0.202105311346/tools/bin/../lib/gcc/arm-none-eabi/9.3.1/thumb/v7e-m+fp/hard/crtbegin.o

.ARM.extab      0x0000000008000b34        0x0
                0x0000000008000b34                . = ALIGN (0x4)
 *(.ARM.extab* .gnu.linkonce.armextab.*)
                0x0000000008000b34                . = ALIGN (0x4)

.ARM            0x0000000008000b34        0x0
                0x0000000008000b34                . = ALIGN (0x4)
                0x0000000008000b34                __exidx_start = .
 *(.ARM.exidx*)
                0x0000000008000b34                __exidx_end = .
                0x0000000008000b34                . = ALIGN (0x4)

.preinit_array  0x0000000008000b34        0x0
                0x0000000008000b34                . = ALIGN (0x4)
                0x0000000008000b34                PROVIDE (__preinit_array_start = .)
 *(.preinit_array*)
                0x0000000008000b34                PROVIDE (__preinit_array_end = .)
                0x0000000008000b34                . = ALIGN (0x4)

.init_array     0x0000000008000b34        0x4
                0x0000000008000b34                . = ALIGN (0x4)
                0x0000000008000b34                PROVIDE (__init_array_start = .)
 *(SORT_BY_NAME(.init_array.*))
 *(.init_array*)
 .init_array    0x0000000008000b34        0x4 c:/st/stm32cubeide_1.8.0/stm32cubeide/plugins/com.st.stm32cube.ide.mcu.externaltools.gnu-tools-for-stm32.9-2020-q2-update.win32_2.0.0.202105311346/tools/bin/../lib/gcc/arm-none-eabi/9.3.1/thumb/v7e-m+fp/hard/crtbegin.o
                0x0000000008000b38                PROVIDE (__init_array_end = .)
                0x0000000008000b38                . = ALIGN (0x4)

.fini_array     0x0000000008000b38        0x4
                0x0000000008000b38                . = ALIGN (0x4)
                [!provide]                        PROVIDE (__fini_array_start = .)
 *(SORT_BY_NAME(.fini_array.*))
 *(.fini_array*)
 .fini_array    0x0000000008000b38        0x4 c:/st/stm32cubeide_1.8.0/stm32cubeide/plugins/com.st.stm32cube.ide.mcu.externaltools.gnu-tools-for-stm32.9-2020-q2-update.win32_2.0.0.202105311346/tools/bin/../lib/gcc/arm-none-eabi/9.3.1/thumb/v7e-m+fp/hard/crtbegin.o
                [!provide]                        PROVIDE (__fini_array_end = .)
                0x0000000008000b3c                . = ALIGN (0x4)
                0x0000000008000b3c                _sidata = LOADADDR (.data)

.data           0x0000000020000000        0x0 load address 0x0000000008000b3c
                0x0000000020000000                . = ALIGN (0x4)
                0x0000000020000000                _sdata = .
 *(.data)
 *(.data*)
 *(.RamFunc)
 *(.RamFunc*)
                0x0000000020000000                . = ALIGN (0x4)
                0x0000000020000000                _edata = .

.igot.plt       0x0000000020000000        0x0 load address 0x0000000008000b3c
 .igot.plt      0x0000000020000000        0x0 c:/st/stm32cubeide_1.8.0/stm32cubeide/plugins/com.st.stm32cube.ide.mcu.externaltools.gnu-tools-for-stm32.9-2020-q2-update.win32_2.0.0.202105311346/tools/bin/../lib/gcc/arm-none-eabi/9.3.1/thumb/v7e-m+fp/hard/crtbegin.o
                0x0000000020000000                . = ALIGN (0x4)

.bss            0x0000000020000000       0x1c load address 0x0000000008000b3c
                0x0000000020000000                _sbss = .
                0x0000000020000000                __bss_start__ = _sbss
 *(.bss)
 .bss           0x0000000020000000       0x1c c:/st/stm32cubeide_1.8.0/stm32cubeide/plugins/com.st.stm32cube.ide.mcu.externaltools.gnu-tools-for-stm32.9-2020-q2-update.win32_2.0.0.202105311346/tools/bin/../lib/gcc/arm-none-eabi/9.3.1/thumb/v7e-m+fp/hard/crtbegin.o
 *(.bss*)
 *(COMMON)
                0x000000002000001c                . = ALIGN (0x4)
                0x000000002000001c                _ebss = .
                0x000000002000001c                __bss_end__ = _ebss

._user_heap_stack
                0x000000002000001c      0x604 load address 0x0000000008000b3c
                0x0000000020000020                . = ALIGN (0x8)
 *fill*         0x000000002000001c        0x4 
                [!provide]                        PROVIDE (end = .)
                0x0000000020000020                PROVIDE (_end = .)
                0x0000000020000220                . = (. + _Min_Heap_Size)
 *fill*         0x0000000020000020      0x200 
                0x0000000020000620                . = (. + _Min_Stack_Size)
 *fill*         0x0000000020000220      0x400 
                0x0000000020000620                . = ALIGN (0x8)

/DISCARD/
 libc.a(*)
 libm.a(*)
 libgcc.a(*)

.ARM.attributes
                0x0000000000000000       0x30
 *(.ARM.attributes)
 .ARM.attributes
                0x0000000000000000       0x1e c:/st/stm32cubeide_1.8.0/stm32cubeide/plugins/com.st.stm32cube.ide.mcu.externaltools.gnu-tools-for-stm32.9-2020-q2-update.win32_2.0.0.202105311346/tools/bin/../lib/gcc/arm-none-eabi/9.3.1/thumb/v7e-m+fp/hard/crti.o
 .ARM.attributes
                0x000000000000001e       0x34 c:/st/stm32cubeide_1.8.0/stm32cubeide/plugins/com.st.stm32cube.ide.mcu.externaltools.gnu-tools-for-stm32.9-2020-q2-update.win32_2.0.0.202105311346/tools/bin/../lib/gcc/arm-none-eabi/9.3.1/thumb/v7e-m+fp/hard/crtbegin.o
 .ARM.attributes
                0x0000000000000052       0x34 ./Src/SPI_tx.o
 .ARM.attributes
                0x0000000000000086       0x21 ./Startup/startup_stm32f401retx.o
 .ARM.attributes
                0x00000000000000a7       0x34 ./drivers/Src/stm32f401re_gpio_driver.o
 .ARM.attributes
                0x00000000000000db       0x34 ./drivers/Src/stm32f401re_spi_driver.o
 .ARM.attributes
                0x000000000000010f       0x34 c:/st/stm32cubeide_1.8.0/stm32cubeide/plugins/com.st.stm32cube.ide.mcu.externaltools.gnu-tools-for-stm32.9-2020-q2-update.win32_2.0.0.202105311346/tools/bin/../lib/gcc/arm-none-eabi/9.3.1/../../../../arm-none-eabi/lib/thumb/v7e-m+fp/hard\libc_nano.a(lib_a-init.o)
 .ARM.attributes
                0x0000000000000143       0x17 c:/st/stm32cubeide_1.8.0/stm32cubeide/plugins/com.st.stm32cube.ide.mcu.externaltools.gnu-tools-for-stm32.9-2020-q2-update.win32_2.0.0.202105311346/tools/bin/../lib/gcc/arm-none-eabi/9.3.1/../../../../arm-none-eabi/lib/thumb/v7e-m+fp/hard\libc_nano.a(lib_a-strlen.o)
 .ARM.attributes
                0x000000000000015a       0x1e c:/st/stm32cubeide_1.8.0/stm32cubeide/plugins/com.st.stm32cube.ide.mcu.externaltools.gnu-tools-for-stm32.9-2020-q2-update.win32_2.0.0.202105311346/tools/bin/../lib/gcc/arm-none-eabi/9.3.1/thumb/v7e-m+fp/hard/crtn.o
OUTPUT(STM32F4xx_device_drivers.elf elf32-littlearm)
LOAD linker stubs
LOAD c:/st/stm32cubeide_1.8.0/stm32cubeide/plugins/com.st.stm32cube.ide.mcu.externaltools.gnu-tools-for-stm32.9-2020-q2-update.win32_2.0.0.202105311346/tools/bin/../lib/gcc/arm-none-eabi/9.3.1/../../../../arm-none-eabi/lib/thumb/v7e-m+fp/hard\libc.a
LOAD c:/st/stm32cubeide_1.8.0/stm32cubeide/plugins/com.st.stm32cube.ide.mcu.externaltools.gnu-tools-for-stm32.9-2020-q2-update.win32_2.0.0.202105311346/tools/bin/../lib/gcc/arm-none-eabi/9.3.1/../../../../arm-none-eabi/lib/thumb/v7e-m+fp/hard\libm.a
LOAD c:/st/stm32cubeide_1.8.0/stm32cubeide/plugins/com.st.stm32cube.ide.mcu.externaltools.gnu-tools-for-stm32.9-2020-q2-update.win32_2.0.0.202105311346/tools/bin/../lib/gcc/arm-none-eabi/9.3.1/thumb/v7e-m+fp/hard\libgcc.a

.debug_info     0x0000000000000000     0x2bc8
 .debug_info    0x0000000000000000      0xcae ./Src/SPI_tx.o
 .debug_info    0x0000000000000cae       0x22 ./Startup/startup_stm32f401retx.o
 .debug_info    0x0000000000000cd0     0x1020 ./drivers/Src/stm32f401re_gpio_driver.o
 .debug_info    0x0000000000001cf0      0xed8 ./drivers/Src/stm32f401re_spi_driver.o

.debug_abbrev   0x0000000000000000      0x6f6
 .debug_abbrev  0x0000000000000000      0x209 ./Src/SPI_tx.o
 .debug_abbrev  0x0000000000000209       0x12 ./Startup/startup_stm32f401retx.o
 .debug_abbrev  0x000000000000021b      0x270 ./drivers/Src/stm32f401re_gpio_driver.o
 .debug_abbrev  0x000000000000048b      0x26b ./drivers/Src/stm32f401re_spi_driver.o

.debug_aranges  0x0000000000000000      0x150
 .debug_aranges
                0x0000000000000000       0x40 ./Src/SPI_tx.o
 .debug_aranges
                0x0000000000000040       0x28 ./Startup/startup_stm32f401retx.o
 .debug_aranges
                0x0000000000000068       0x70 ./drivers/Src/stm32f401re_gpio_driver.o
 .debug_aranges
                0x00000000000000d8       0x78 ./drivers/Src/stm32f401re_spi_driver.o

.debug_ranges   0x0000000000000000      0x118
 .debug_ranges  0x0000000000000000       0x30 ./Src/SPI_tx.o
 .debug_ranges  0x0000000000000030       0x20 ./Startup/startup_stm32f401retx.o
 .debug_ranges  0x0000000000000050       0x60 ./drivers/Src/stm32f401re_gpio_driver.o
 .debug_ranges  0x00000000000000b0       0x68 ./drivers/Src/stm32f401re_spi_driver.o

.debug_macro    0x0000000000000000     0x280c
 .debug_macro   0x0000000000000000      0x21f ./Src/SPI_tx.o
 .debug_macro   0x000000000000021f      0xab4 ./Src/SPI_tx.o
 .debug_macro   0x0000000000000cd3       0x22 ./Src/SPI_tx.o
 .debug_macro   0x0000000000000cf5       0x4c ./Src/SPI_tx.o
 .debug_macro   0x0000000000000d41       0x18 ./Src/SPI_tx.o
 .debug_macro   0x0000000000000d59       0x94 ./Src/SPI_tx.o
 .debug_macro   0x0000000000000ded       0x3c ./Src/SPI_tx.o
 .debug_macro   0x0000000000000e29       0x34 ./Src/SPI_tx.o
 .debug_macro   0x0000000000000e5d       0x16 ./Src/SPI_tx.o
 .debug_macro   0x0000000000000e73       0x57 ./Src/SPI_tx.o
 .debug_macro   0x0000000000000eca       0x97 ./Src/SPI_tx.o
 .debug_macro   0x0000000000000f61      0x339 ./Src/SPI_tx.o
 .debug_macro   0x000000000000129a       0xfd ./Src/SPI_tx.o
 .debug_macro   0x0000000000001397       0x10 ./Src/SPI_tx.o
 .debug_macro   0x00000000000013a7       0x16 ./Src/SPI_tx.o
 .debug_macro   0x00000000000013bd       0x43 ./Src/SPI_tx.o
 .debug_macro   0x0000000000001400       0x34 ./Src/SPI_tx.o
 .debug_macro   0x0000000000001434       0x10 ./Src/SPI_tx.o
 .debug_macro   0x0000000000001444       0x58 ./Src/SPI_tx.o
 .debug_macro   0x000000000000149c       0x71 ./Src/SPI_tx.o
 .debug_macro   0x000000000000150d       0x1c ./Src/SPI_tx.o
 .debug_macro   0x0000000000001529      0x12a ./Src/SPI_tx.o
 .debug_macro   0x0000000000001653       0x10 ./Src/SPI_tx.o
 .debug_macro   0x0000000000001663       0x6a ./Src/SPI_tx.o
 .debug_macro   0x00000000000016cd       0x1c ./Src/SPI_tx.o
 .debug_macro   0x00000000000016e9       0x52 ./Src/SPI_tx.o
 .debug_macro   0x000000000000173b       0x22 ./Src/SPI_tx.o
 .debug_macro   0x000000000000175d       0x10 ./Src/SPI_tx.o
 .debug_macro   0x000000000000176d       0x40 ./Src/SPI_tx.o
 .debug_macro   0x00000000000017ad       0xd5 ./Src/SPI_tx.o
 .debug_macro   0x0000000000001882       0x1c ./Src/SPI_tx.o
 .debug_macro   0x000000000000189e       0x3d ./Src/SPI_tx.o
 .debug_macro   0x00000000000018db       0x16 ./Src/SPI_tx.o
 .debug_macro   0x00000000000018f1      0x145 ./Src/SPI_tx.o
 .debug_macro   0x0000000000001a36      0x103 ./Src/SPI_tx.o
 .debug_macro   0x0000000000001b39      0x1df ./Src/SPI_tx.o
 .debug_macro   0x0000000000001d18      0x41f ./Src/SPI_tx.o
 .debug_macro   0x0000000000002137       0x16 ./Src/SPI_tx.o
 .debug_macro   0x000000000000214d       0x35 ./Src/SPI_tx.o
 .debug_macro   0x0000000000002182       0x20 ./Src/SPI_tx.o
 .debug_macro   0x00000000000021a2       0x94 ./Src/SPI_tx.o
 .debug_macro   0x0000000000002236       0xca ./Src/SPI_tx.o
 .debug_macro   0x0000000000002300      0x229 ./drivers/Src/stm32f401re_gpio_driver.o
 .debug_macro   0x0000000000002529       0xc4 ./drivers/Src/stm32f401re_gpio_driver.o
 .debug_macro   0x00000000000025ed      0x21f ./drivers/Src/stm32f401re_spi_driver.o

.debug_line     0x0000000000000000     0x1b9b
 .debug_line    0x0000000000000000      0x732 ./Src/SPI_tx.o
 .debug_line    0x0000000000000732       0x84 ./Startup/startup_stm32f401retx.o
 .debug_line    0x00000000000007b6      0xb25 ./drivers/Src/stm32f401re_gpio_driver.o
 .debug_line    0x00000000000012db      0x8c0 ./drivers/Src/stm32f401re_spi_driver.o

.debug_str      0x0000000000000000     0x9dd1
 .debug_str     0x0000000000000000     0x99e0 ./Src/SPI_tx.o
                                       0x9c48 (size before relaxing)
 .debug_str     0x00000000000099e0       0x31 ./Startup/startup_stm32f401retx.o
                                         0x7c (size before relaxing)
 .debug_str     0x0000000000009a11      0x29e ./drivers/Src/stm32f401re_gpio_driver.o
                                       0x9dc0 (size before relaxing)
 .debug_str     0x0000000000009caf      0x122 ./drivers/Src/stm32f401re_spi_driver.o
                                       0x9d56 (size before relaxing)

.comment        0x0000000000000000       0x53
 .comment       0x0000000000000000       0x53 ./Src/SPI_tx.o
                                         0x54 (size before relaxing)
 .comment       0x0000000000000053       0x54 ./drivers/Src/stm32f401re_gpio_driver.o
 .comment       0x0000000000000053       0x54 ./drivers/Src/stm32f401re_spi_driver.o

.debug_frame    0x0000000000000000      0x49c
 .debug_frame   0x0000000000000000       0xc4 ./Src/SPI_tx.o
 .debug_frame   0x00000000000000c4      0x1c8 ./drivers/Src/stm32f401re_gpio_driver.o
 .debug_frame   0x000000000000028c      0x1e4 ./drivers/Src/stm32f401re_spi_driver.o
 .debug_frame   0x0000000000000470       0x2c c:/st/stm32cubeide_1.8.0/stm32cubeide/plugins/com.st.stm32cube.ide.mcu.externaltools.gnu-tools-for-stm32.9-2020-q2-update.win32_2.0.0.202105311346/tools/bin/../lib/gcc/arm-none-eabi/9.3.1/../../../../arm-none-eabi/lib/thumb/v7e-m+fp/hard\libc_nano.a(lib_a-init.o)
